
$ git push origin master
git push origin master
To github.com:BetterJiang/hello-world.git
 ! [rejected]        master -> master (non-fast-forward)
error: failed to push some refs to 'git@github.com:BetterJiang/hello-world.git'
hint: Updates were rejected because the tip of your current branch is behind
hint: its remote counterpart. Integrate the remote changes (e.g.
hint: 'git pull ...') before pushing again.
hint: See the 'Note about fast-forwards' in 'git push --help' for details.


$ git pull
git pull
warning: no common commits
remote: Counting objects: 7, done.
remote: Total 7 (delta 0), reused 0 (delta 0), pack-reused 7
Unpacking objects: 100% (7/7), done.
From github.com:BetterJiang/hello-world
 * [new branch]      master     -> origin/master
There is no tracking information for the current branch.
Please specify which branch you want to merge with.
See git-pull(1) for details.

    git pull <remote> <branch>

If you wish to set tracking information for this branch you can do so with:

    git branch --set-upstream-to=origin/<branch> master



$ git branch --set-upstream-to=origin/master master
git branch --set-upstream-to=origin/master master
Branch master set up to track remote branch master from origin.


$ git pull
fatal: refusing to merge unrelated histories



$ git pull origin master --allow-unrelated-histories -m "merge and allow-unrelated-histories"

not only git pull origin master --allow-unrelated-histories 
